[2026-01-05 01:32:30] SKIP: dummy.txt
[2026-01-05 01:35:03] SKIP: dummy.txt
[2026-01-05 01:39:46] SKIP: docs/ROADMAP.md
[2026-01-05 01:44:06] SKIP: atualizar.py
[2026-01-05 01:44:06] CREATE: docs\Prompts\System_Instructions.xml
[2026-01-05 01:44:06] CREATE: docs\Prompts\Master_Handover.xml
[2026-01-05 01:44:06] CREATE: arquivo_novo.txt
[2026-01-05 01:44:16] SKIP: README.md
[2026-01-05 01:44:58] UPDATE: ## 1. Atualize o `atualizar.py` manualmente (Copie e cole no arquivo)
[2026-01-05 01:45:09] SKIP: atualizar.py
[2026-01-05 01:45:09] UPDATE: ## 2. Arquivos de Contexto (Para você testar o novo script)
[2026-01-05 01:45:13] SKIP: docs\ROADMAP.md
[2026-01-05 01:45:13] UPDATE: 🗺️ Roadmap do Produto: MesaFlow (Status Atual)
[2026-01-05 01:45:13] UPDATE: # ✅ Fase 1: MVP & Core Operacional (CONCLUÍDO)
[2026-01-05 01:45:13] UPDATE: # ✅ Fase 2: Experiência & Híbrido (CONCLUÍDO)
[2026-01-05 01:45:13] UPDATE: # ✅ Fase 3: Profissionalização & Fintech (CONCLUÍDO)
[2026-01-05 01:45:13] UPDATE: # 🔄 Fase 5: Enterprise & Escala (PRÓXIMOS PASSOS)
[2026-01-05 01:45:16] SKIP: docs\Prompts\System_Instructions.xml
[2026-01-05 01:45:19] SKIP: docs\Prompts\Master_Handover.xml
[2026-01-05 01:48:57] SKIP: atualizar.py
[2026-01-05 01:50:14] SKIP: docs\ROADMAP.md
[2026-01-05 01:50:14] CREATE: docs\Prompts\TESTE_NOVO.xml
[2026-01-05 01:50:14] UPDATE: docs\Prompts\TESTE_NOVO.xml
[2026-01-05 01:50:16] SKIP: docs\Prompts\System_Instructions.xml
[2026-01-05 01:53:18] SKIP: atualizar.py
[2026-01-05 01:53:18] SKIP: docs\Prompts\System_Instructions.xml
[2026-01-05 01:53:19] SKIP: docs\Prompts\Master_Handover.xml
[2026-01-05 01:53:20] SKIP: scripts\test_atualizar.py
[2026-01-05 01:53:20] CREATE: Adiciona o diretório raiz ao PATH
[2026-01-05 01:53:20] UPDATE: Adiciona o diretório raiz ao PATH
[2026-01-05 01:56:34] SKIP: atualizar.py
[2026-01-05 01:56:34] SKIP: docs\Prompts\System_Instructions.xml
[2026-01-05 01:56:34] SKIP: docs\Prompts\Master_Handover.xml
[2026-01-05 01:56:35] SKIP: scripts\test_atualizar.py
[2026-01-05 01:58:10] CREATE: path
[2026-01-05 01:58:10] UPDATE: path
[2026-01-05 01:58:54] SKIP: atualizar.py
[2026-01-05 01:58:55] SKIP: path
[2026-01-05 01:58:55] SKIP: docs\Prompts\System_Instructions.xml
[2026-01-05 01:58:56] SKIP: path
[2026-01-05 01:58:56] SKIP: docs\Prompts\Master_Handover.xml
[2026-01-05 01:58:57] SKIP: scripts\test_atualizar.py
[2026-01-05 01:58:57] CREATE: novo_v2.txt
[2026-01-05 01:58:57] UPDATE: novo_v2.txt
[2026-01-05 02:00:43] SKIP: path
[2026-01-05 02:00:44] SKIP: atualizar.py
[2026-01-05 02:00:44] SKIP: path
[2026-01-05 02:00:45] SKIP: docs\Prompts\System_Instructions.xml
[2026-01-05 02:00:45] SKIP: path
[2026-01-05 02:00:45] SKIP: docs\Prompts\Master_Handover.xml
[2026-01-05 02:00:45] SKIP: scripts\test_atualizar.py
[2026-01-05 02:00:46] SKIP: novo_v2.txt
[2026-01-05 02:02:08] SKIP: atualizar.py
[2026-01-05 02:02:08] SKIP: path
[2026-01-05 02:02:08] SKIP: docs\Prompts\System_Instructions.xml
[2026-01-05 02:02:09] SKIP: docs\Prompts\Master_Handover.xml
[2026-01-05 02:02:09] SKIP: scripts\test_atualizar.py
[2026-01-05 02:02:09] SKIP: novo_v2.txt
[2026-01-05 02:05:33] SKIP: dummy.txt
[2026-01-05 02:06:31] SKIP: dummy.txt
[2026-01-05 02:12:36] SKIP: path
[2026-01-05 02:12:36] SKIP: communication.xml
[2026-01-05 02:12:37] SKIP: docs\Prompts\System_Instructions.xml
[2026-01-05 02:12:37] SKIP: path
[2026-01-05 02:12:37] SKIP: docs\Prompts\Master_Handover.xml
[2026-01-05 02:23:45] CREATE: path
[2026-01-05 02:23:45] UPDATE: path
[2026-01-05 02:24:23] SKIP: app\routers\admin_delivery.py
[2026-01-05 02:24:23] SKIP: tests\test_delivery_flow.py
[2026-01-05 02:25:52] CREATE: scripts\cleanup_stray_files.py
[2026-01-05 02:25:52] UPDATE: scripts\cleanup_stray_files.py
[2026-01-05 02:26:23] SKIP: frontend\src\app\admin\[slug]\kitchen\page.tsx
[2026-01-05 02:26:23] CREATE: tests\test_kds_sectorization.py
[2026-01-05 02:26:23] UPDATE: tests\test_kds_sectorization.py
[2026-01-05 02:34:28] WRITE: atualizar.py
[2026-01-05 02:35:07] WRITE: app\services\whatsapp_service.py
[2026-01-05 02:35:07] WRITE: app\routers\admin.py
[2026-01-05 02:35:07] WRITE: app\routers\admin_delivery.py
[2026-01-05 02:58:04] WRITE: docs/testes/verificacao_automatica.txt
[2026-01-05 03:00:24] CREATE: docs/testes/novo_arquivo_automatico.txt
[2026-01-05 03:07:50] BLOCKED (Incomplete): communication.xml
[2026-01-05 03:34:40] CREATE: docs/tasks/01_infra_backend.md
[2026-01-05 03:34:40] CREATE: docs/tasks/02_frontend_ux.md
[2026-01-05 03:34:40] CREATE: docs/tasks/03_staff_kds.md
[2026-01-05 03:34:40] CREATE: docs/tasks/04_fintech_saas.md
[2026-01-05 03:34:40] CREATE: docs/tasks/05_ai_logistics.md
[2026-01-05 03:37:13] CREATE: docs/tasks/details/01_01_docker_multistage.md
[2026-01-05 03:37:13] CREATE: docs/tasks/details/02_01_skeleton_loaders.md
[2026-01-05 03:37:13] CREATE: docs/tasks/details/01_02_health_checks.md
[2026-01-05 03:37:13] CREATE: docs/tasks/details/01_03_redis_caching.md
[2026-01-05 03:37:13] CREATE: docs/tasks/details/03_01_kiosk_mode.md
[2026-01-05 03:37:13] CREATE: docs/tasks/details/04_01_reconciliation.md
[2026-01-05 03:37:13] CREATE: docs/tasks/details/05_01_demand_prediction.md
[2026-01-05 03:39:13] CREATE: frontend/src/components/ui/Skeleton.tsx
[2026-01-05 03:39:13] CREATE: frontend/src/components/menu/MenuSkeleton.tsx
[2026-01-05 03:39:13] CREATE: tests/test_ux_performance.py
[2026-01-05 03:41:30] CREATE: frontend/src/lib/utils.ts
[2026-01-05 03:44:14] CREATE: docs/tasks/details/02_02_branding_identity.md
[2026-01-05 03:44:14] CREATE: docs/tasks/details/02_03_whatsapp_automation.md
[2026-01-05 03:44:14] CREATE: docs/tasks/details/02_04_delivery_logistics.md
[2026-01-05 03:44:14] CREATE: docs/tasks/details/02_05_granular_permissions.md
[2026-01-05 03:49:09] CREATE: docs/tasks/details/03_02_waiter_app_v3.md
[2026-01-05 03:49:09] CREATE: docs/tasks/details/03_03_kds_pro_features.md
[2026-01-05 03:49:09] CREATE: docs/tasks/details/05_02_driver_app_v2.md
[2026-01-05 03:49:09] CREATE: docs/tasks/details/01_04_dashboard_advanced.md
[2026-01-05 03:49:09] CREATE: docs/tasks/details/01_05_franchise_management.md
[2026-01-05 03:49:09] CREATE: docs/tasks/details/01_06_inventory_advanced.md
[2026-01-05 03:49:09] CREATE: docs/tasks/details/01_07_order_history_audit.md
[2026-01-05 03:50:32] CREATE: docs/tasks/06_dashboard_analytics.md
[2026-01-05 03:50:32] CREATE: docs/tasks/07_franchise_multiunit.md
[2026-01-05 03:50:32] CREATE: docs/tasks/08_menu_engineering.md
[2026-01-05 03:50:32] CREATE: docs/tasks/09_inventory_procurement.md
[2026-01-05 03:50:32] CREATE: docs/tasks/10_tables_floorplan.md
[2026-01-05 03:50:32] CREATE: docs/tasks/11_hr_permissions.md
[2026-01-05 03:50:32] CREATE: docs/tasks/12_history_audit.md
[2026-01-05 03:50:32] CREATE: docs/tasks/13_system_config.md
[2026-01-05 03:50:32] CREATE: docs/tasks/14_waiter_app_pos.md
[2026-01-05 03:50:32] CREATE: docs/tasks/15_driver_app_logistics.md
[2026-01-05 03:50:32] CREATE: docs/tasks/16_kds_kitchen_display.md
[2026-01-05 03:52:02] CREATE: docs/technical/DATABASE_SCHEMA.md
[2026-01-05 03:52:02] CREATE: docs/technical/API_REFERENCE.md
[2026-01-05 03:52:02] CREATE: docs/technical/SECURITY_ARCHITECTURE.md
[2026-01-05 03:57:38] CREATE: tests/test_whatsapp_dynamic.py
[2026-01-05 04:03:16] CREATE: tests/test_printer_data_contract.py
[2026-01-05 04:07:36] CREATE: frontend/src/components/admin/FiscalStatusBadge.tsx
[2026-01-05 04:07:36] CREATE: tests/test_fiscal_frontend_integration.py
[2026-01-05 04:14:03] CREATE: tests/test_websocket_relay.py
[2026-01-05 04:16:13] CREATE: frontend/src/app/admin/[slug]/marketing/page.tsx
[2026-01-05 04:16:13] CREATE: tests/test_marketing_flow.py
[2026-01-05 04:18:37] CREATE: tests/test_franchise_integration.py
[2026-01-05 04:20:49] CREATE: tests/test_enterprise_frontend_contracts.py
[2026-01-05 04:23:13] CREATE: frontend/src/hooks/useIdleTimer.ts
[2026-01-05 04:23:13] CREATE: frontend/src/components/kiosk/InactivityModal.tsx
[2026-01-05 04:23:13] CREATE: frontend/src/app/[slug]/kiosk/layout.tsx
[2026-01-05 04:23:13] CREATE: frontend/src/app/[slug]/kiosk/page.tsx
[2026-01-05 04:23:13] CREATE: tests/test_kiosk_session.py
[2026-01-05 04:25:25] CREATE: app/core/cache.py
[2026-01-05 04:25:25] CREATE: tests/test_menu_caching.py
[2026-01-05 04:28:16] CREATE: docs/implemented/README.md
[2026-01-05 04:28:16] CREATE: docs/implemented/01_core_operational.md
[2026-01-05 04:28:16] CREATE: docs/implemented/02_financial_saas.md
[2026-01-05 04:28:16] CREATE: docs/implemented/03_enterprise_infra.md
[2026-01-05 04:28:16] CREATE: scripts/organize_scripts.py
[2026-01-05 04:28:16] CREATE: tests/test_organization_logic.py
[2026-01-05 04:36:13] CREATE: frontend/src/lib/smartpos.ts
[2026-01-05 04:36:13] CREATE: frontend/e2e/kiosk-smartpos.spec.ts
[2026-01-05 04:36:13] CREATE: tests/test_smartpos_backend.py
[2026-01-05 05:13:03] CREATE: docs/specs/DASHBOARD_BEHAVIOR.md
[2026-01-05 05:13:03] CREATE: docs/implemented/SUMMARY.md
[2026-01-05 05:13:03] CREATE: scripts/tests/test_dashboard_routes_integrity.py
[2026-01-05 05:38:35] CREATE: scripts/tests/test_gerartxt_v3.py
[2026-01-05 05:57:09] CREATE: docs/technical/ENV_REFERENCE.md
[2026-01-05 05:57:10] CREATE: docs/technical/PROJECT_STRUCTURE.md
[2026-01-05 05:57:10] CREATE: docs/technical/DATABASE_RELATIONSHIPS.md
[2026-01-05 05:57:10] CREATE: docs/technical/TROUBLESHOOTING.md
[2026-01-05 05:57:10] CREATE: scripts/tests/test_docs_existence.py
[2026-01-05 06:01:43] CREATE: scripts/tests/test_whatsapp_connection.py
[2026-01-05 06:05:49] CREATE: frontend/e2e/skeleton-loading.spec.ts
[2026-01-05 06:12:58] CREATE: scripts/functional/capture_screenshots.py
[2026-01-05 06:12:58] CREATE: scripts/tests/test_screenshot_tool.py
[2026-01-05 06:15:47] CREATE: frontend/src/components/admin/KDS/ItemAggregator.tsx
[2026-01-05 06:15:47] CREATE: frontend/e2e/kds-aggregator.spec.ts
[2026-01-05 06:35:04] CREATE: scripts/functional/debug_kds_login.py
[2026-01-05 06:43:43] UPDATE: frontend/e2e/kds-aggregator.spec.ts
[2026-01-05 06:45:22] UPDATE: scripts/functional/capture_screenshots.py
[2026-01-05 06:45:22] UPDATE: scripts/tests/test_screenshot_tool.py
[2026-01-05 06:45:50] CREATE: app/core/docs.py
[2026-01-05 06:45:50] CREATE: scripts/tests/test_api_docs.py
[2026-01-05 06:46:04] UPDATE: app/main.py
[2026-01-05 06:50:21] CREATE: scripts/maintenance/optimize_db.py
[2026-01-05 06:50:21] CREATE: scripts/tests/test_db_indices.py
[2026-01-05 06:56:04] CREATE: frontend/src/components/admin/PrinterSettings.tsx
[2026-01-05 06:59:20] UPDATE: frontend/src/app/admin/[slug]/settings/page.tsx
[2026-01-05 06:59:48] CREATE: scripts/functional/verify_printer_ui.py
[2026-01-05 07:01:53] UPDATE: scripts/functional/verify_printer_ui.py
[2026-01-05 07:04:45] CREATE: frontend/src/app/admin/[slug]/audit/page.tsx
[2026-01-05 07:04:45] CREATE: frontend/e2e/audit-logs.spec.ts
[2026-01-05 07:06:36] UPDATE: frontend/src/types/index.ts
[2026-01-05 07:06:36] UPDATE: frontend/src/lib/api.ts
[2026-01-05 07:06:36] UPDATE: frontend/src/app/admin/[slug]/layout.tsx
[2026-01-05 07:08:13] UPDATE: frontend/e2e/audit-logs.spec.ts
[2026-01-05 07:10:19] UPDATE: frontend/e2e/audit-logs.spec.ts
[2026-01-05 07:11:40] UPDATE: frontend/e2e/audit-logs.spec.ts
[2026-01-05 07:14:10] CREATE: frontend/src/components/admin/FiscalSettings.tsx
[2026-01-05 07:14:10] CREATE: frontend/e2e/fiscal-settings.spec.ts
[2026-01-05 07:14:18] UPDATE: frontend/src/lib/validations/settings.ts
[2026-01-05 07:14:18] UPDATE: frontend/src/app/admin/[slug]/settings/page.tsx
[2026-01-05 07:16:46] UPDATE: frontend/e2e/fiscal-settings.spec.ts
[2026-01-05 07:18:23] UPDATE: frontend/src/app/admin/[slug]/settings/page.tsx
[2026-01-05 07:18:23] UPDATE: frontend/e2e/fiscal-settings.spec.ts
[2026-01-05 07:22:31] CREATE: frontend/src/components/menu/FeedbackModal.tsx
[2026-01-05 07:22:31] CREATE: frontend/src/app/[slug]/menu/OrderStatusView.tsx
[2026-01-05 07:22:31] CREATE: frontend/e2e/feedback-flow.spec.ts
[2026-01-05 07:22:31] CREATE: scripts/maintenance/update_db_feedback.py
[2026-01-05 07:23:18] UPDATE: app/models.py
[2026-01-05 07:23:18] UPDATE: app/schemas.py
[2026-01-05 07:23:18] UPDATE: app/routers/public.py
[2026-01-05 07:24:51] UPDATE: frontend/e2e/feedback-flow.spec.ts
[2026-01-05 07:29:21] UPDATE: frontend/src/app/[slug]/menu/OrderStatusView.tsx
[2026-01-05 07:29:21] UPDATE: frontend/e2e/feedback-flow.spec.ts
[2026-01-05 07:30:47] UPDATE: frontend/e2e/feedback-flow.spec.ts
[2026-01-05 07:34:03] UPDATE: frontend/src/app/[slug]/menu/OrderStatusView.tsx
[2026-01-05 07:34:03] UPDATE: frontend/e2e/feedback-flow.spec.ts
[2026-01-05 07:35:57] UPDATE: frontend/e2e/feedback-flow.spec.ts
[2026-01-05 07:37:53] CREATE: scripts/functional/debug_feedback_flow.py
[2026-01-05 07:40:20] UPDATE: scripts/functional/debug_feedback_flow.py
[2026-01-05 07:42:24] UPDATE: frontend/src/app/[slug]/menu/OrderStatusView.tsx
[2026-01-05 07:44:47] CREATE: scripts/maintenance/clean_next_cache.py
[2026-01-05 07:44:58] UPDATE: frontend/src/app/[slug]/menu/OrderStatusView.tsx
[2026-01-05 07:46:51] UPDATE: frontend/src/app/[slug]/menu/OrderStatusView.tsx
[2026-01-05 07:49:18] UPDATE: frontend/src/components/menu/OrderStatusView.tsx
[2026-01-05 07:49:18] DELETE: frontend/src/app/[slug]/menu/OrderStatusView.tsx
[2026-01-05 07:50:43] CREATE: scripts/tests/test_whatsapp_events.py
[2026-01-05 07:51:12] UPDATE: frontend/src/components/menu/OrderStatusView.tsx
[2026-01-05 07:51:12] UPDATE: app/services/whatsapp_service.py
[2026-01-05 07:52:26] UPDATE: frontend/e2e/feedback-flow.spec.ts
[2026-01-05 07:59:48] CREATE: path
[2026-01-05 08:21:16] UPDATE: gerartxt.py
[2026-01-05 08:30:53] CREATE: frontend/src/components/admin/DashboardSkeleton.tsx
[2026-01-05 08:33:58] CREATE: scripts/functional/debug_skeleton_dashboard.py
[2026-01-05 08:34:05] UPDATE: frontend/src/app/admin/[slug]/dashboard/page.tsx
[2026-01-05 08:38:15] UPDATE: frontend/src/app/admin/[slug]/dashboard/page.tsx
[2026-01-05 08:38:15] UPDATE: scripts/functional/debug_skeleton_dashboard.py
[2026-01-05 08:40:50] CREATE: docs/improvements/GERARTXT_V5_UPGRADE.md
[2026-01-05 08:41:20] UPDATE: gerartxt.py
[2026-01-05 08:42:45] UPDATE: scripts/functional/debug_skeleton_dashboard.py
[2026-01-05 08:42:45] UPDATE: frontend/e2e/skeleton-loading.spec.ts
[2026-01-05 08:47:38] CREATE: frontend/src/components/admin/MenuAdminSkeleton.tsx
[2026-01-05 08:47:38] CREATE: frontend/src/components/admin/InventorySkeleton.tsx
[2026-01-05 08:48:27] UPDATE: frontend/src/app/globals.css
[2026-01-05 08:48:27] UPDATE: frontend/src/app/admin/[slug]/menu/page.tsx
[2026-01-05 08:48:27] UPDATE: frontend/src/app/admin/[slug]/inventory/page.tsx
[2026-01-05 08:48:27] UPDATE: frontend/e2e/skeleton-loading.spec.ts
[2026-01-05 08:51:28] CREATE: docs/improvements/GERARTXT_V5_1_UPGRADE.md
[2026-01-05 08:52:41] CREATE: scripts/tests/test_google_auth.py
[2026-01-05 08:56:44] CREATE: docs/improvements/GERARTXT_CAPABILITIES.md
[2026-01-05 08:57:03] CREATE: docs/improvements/GERARTXT_V6_UPGRADE.md
[2026-01-05 08:57:03] CREATE: scripts/tests/test_gerartxt_v6.py
[2026-01-05 08:57:51] CREATE: scripts/tests/test_db_performance.py
[2026-01-05 08:59:55] UPDATE: gerartxt.py
[2026-01-05 09:01:28] UPDATE: app/models.py
[2026-01-05 09:01:28] UPDATE: app/core/docs.py
[2026-01-05 09:01:28] UPDATE: docs/technical/API_REFERENCE.md
[2026-01-05 09:01:28] UPDATE: docs/ROADMAP.md
[2026-01-05 09:01:28] UPDATE: docs/TASKS.md
[2026-01-05 09:03:10] CREATE: scripts/tests/test_infra_health.py
[2026-01-05 09:05:21] UPDATE: gerartxt.py
[2026-01-05 09:06:49] UPDATE: app/main.py
[2026-01-05 09:06:49] UPDATE: docs/DEPLOY.md
[2026-01-05 09:06:49] UPDATE: scripts/tests/test_infra_health.py
[2026-01-05 09:06:49] UPDATE: docs/ROADMAP.md
[2026-01-05 09:14:30] CREATE: docs/specs/INFRA_CHECKLIST.md
[2026-01-05 09:17:19] CREATE: scripts/tests/test_gerartxt_v7.py
[2026-01-05 09:21:34] CREATE: scripts/functional/post_deploy_check.py
[2026-01-05 09:23:33] UPDATE: gerartxt.py
