[2026-01-07 04:12:29] CREATE: mobile/src/store/waiter.store.ts
[2026-01-07 04:12:29] CREATE: mobile/src/screens/waiter/WaiterTablesScreen.tsx
[2026-01-07 04:12:29] CREATE: docs/mobile/tasks/mobile_29a_pos_foundation.md
[2026-01-07 04:13:42] CREATE: mobile/src/screens/waiter/OrderEntryScreen.tsx
[2026-01-07 04:13:42] CREATE: docs/mobile/tasks/mobile_29b_order_entry.md
[2026-01-07 04:13:42] CREATE: scripts/setup/verify_mobile_mission_29b.py
[2026-01-07 04:14:48] CREATE: mobile/src/screens/waiter/OrderReviewScreen.tsx
[2026-01-07 04:14:48] CREATE: docs/mobile/tasks/mobile_29c_order_submission.md
[2026-01-07 04:14:48] CREATE: scripts/setup/verify_mobile_mission_29c.py
[2026-01-07 04:14:53] UPDATE: mobile/src/store/waiter.store.ts
[2026-01-07 04:14:53] UPDATE: mobile/src/screens/waiter/OrderEntryScreen.tsx
[2026-01-07 04:14:53] UPDATE: mobile/src/navigation/stacks/AppStack.tsx
[2026-01-07 04:16:06] CREATE: mobile/src/lib/escpos.encoder.ts
[2026-01-07 04:16:06] CREATE: mobile/src/services/printer.service.ts
[2026-01-07 04:16:06] CREATE: docs/mobile/tasks/mobile_30a_printer_foundation.md
[2026-01-07 04:16:06] CREATE: scripts/setup/verify_mobile_mission_30a.py
[2026-01-07 04:17:34] CREATE: mobile/src/services/bluetooth.service.ts
[2026-01-07 04:17:34] CREATE: docs/mobile/tasks/mobile_30b_bluetooth_integration.md
[2026-01-07 04:17:34] CREATE: scripts/setup/verify_mobile_mission_30b.py
[2026-01-07 04:18:30] CREATE: mobile/src/services/notifications.service.ts
[2026-01-07 04:18:30] CREATE: docs/mobile/tasks/mobile_31_push_notifications.md
[2026-01-07 04:18:30] CREATE: scripts/setup/verify_mobile_mission_31.py
[2026-01-07 04:22:24] CREATE: scripts/setup/verify_mobile_mission_29a.py
[2026-01-07 04:22:24] CREATE: scripts/setup/verify_mobile_master.py
[2026-01-07 04:22:46] UPDATE: scripts/setup/verify_mobile_missions_23_25.py
[2026-01-07 04:22:46] UPDATE: scripts/setup/verify_mobile_mission_26.py
[2026-01-07 04:22:46] UPDATE: scripts/setup/verify_mobile_mission_27.py
[2026-01-07 04:22:46] UPDATE: scripts/setup/verify_mobile_mission_29b.py
[2026-01-07 04:22:46] UPDATE: scripts/setup/verify_mobile_mission_29c.py
[2026-01-07 04:22:46] UPDATE: scripts/setup/verify_mobile_mission_30a.py
[2026-01-07 04:22:46] UPDATE: scripts/setup/verify_mobile_mission_30b.py
[2026-01-07 04:22:46] UPDATE: scripts/setup/verify_mobile_mission_31.py
[2026-01-07 04:23:52] CREATE: mobile/src/screens/waiter/WaiterCallsScreen.tsx
[2026-01-07 04:23:52] CREATE: docs/mobile/tasks/mobile_32_waiter_calls.md
[2026-01-07 04:23:52] CREATE: scripts/setup/verify_mobile_mission_32.py
[2026-01-07 04:27:30] CREATE: mobile/src/screens/waiter/PaymentScreen.tsx
[2026-01-07 04:27:30] CREATE: docs/mobile/tasks/mobile_33_native_payments.md
[2026-01-07 04:27:30] CREATE: scripts/setup/verify_mobile_mission_33.py
[2026-01-07 04:29:07] CREATE: mobile/src/services/waiter.sync.service.ts
[2026-01-07 04:29:07] CREATE: docs/mobile/tasks/mobile_34_offline_queue.md
[2026-01-07 04:29:07] CREATE: scripts/setup/verify_mobile_mission_34.py
[2026-01-07 04:29:21] UPDATE: mobile/src/store/waiter.store.ts
[2026-01-07 04:29:21] UPDATE: mobile/src/navigation/stacks/AppStack.tsx
[2026-01-07 04:29:21] UPDATE: mobile/src/screens/waiter/OrderReviewScreen.tsx
[2026-01-07 04:31:32] CREATE: mobile/eas.json
[2026-01-07 04:31:32] CREATE: docs/mobile/tasks/mobile_35_production_prep.md
[2026-01-07 04:31:32] CREATE: scripts/setup/verify_mobile_mission_35.py
[2026-01-07 04:34:06] CREATE: docs/mobile/tasks/mobile_36_native_build.md
[2026-01-07 04:34:06] CREATE: scripts/setup/verify_mobile_mission_36.py
[2026-01-07 04:35:21] CREATE: mobile/src/screens/waiter/PrinterDebugScreen.tsx
[2026-01-07 04:35:21] CREATE: docs/mobile/tasks/mobile_37_printer_homologation.md
